!
%
're
's
(
)
,
.
0
00
000
0000
000s
;
=
?
[
]
a
able
about
above
absorb
absorbed
absorbing
absorbs
abuse
accomplish
according
account
accumulate
accuracy
accurate
ace
across
act
acting
action
actions
activities
activity
acts
actually
ada
adapt
add
added
adding
addition
adds
administration
advance
advanced
advancement
advances
advantage
affect
affected
affecting
affects
after
afterwards
again
against
age
ages
ago
agt
air
airplanes
aka
alarming
alive
all
allow
allowed
allowing
allows
almost
along
alot
already
also
altercation
alternative
alternatives
although
always
am
america
american
among
amount
amounts
amplified
an
ancient
and
andor
animal
animals
annual
another
answer
antarctica
antartica
any
anymore
anyone
anything
anytime
anywhere
appear
appears
arctic
are
area
areas
argue
argued
arguments
around
arthur
artic
article
as
ash
ashes
ask
assisting
ast
at
atmosphere
atmospheres
atmospheric
atoms
author
automatically
automobiles
average
averaged
averages
avoid
avoided
away
axes
axis
b
baby
back
background
bad
badly
bag
balance
balanced
barley
bas
based
basic
basically
basis
bc
be
beach
beams
bears
beat
beautiful
beauty
became
because
become
becomes
becoming
bee
been
before
began
begin
beginning
begins
begun
behind
being
beings
believe
believed
belive
below
benefit
besides
best
better
between
beyond
bicycle
big
bigger
biggest
bike
bikes
billion
bit
black
blame
blanket
blizzards
block
blue
boats
bodies
body
books
boost
born
both
bottom
bounced
bounces
break
breakdown
breaking
breaks
breath
breathe
breathed
breathing
brief
bright
brightens
bring
brings
brought
brown
brun
bubbles
bug
build
building
buildings
built
bulbs
bunch
buried
burn
burned
burning
burns
burnt
buses
businesses
but
by
ca
cabs
calamity
calculate
calculated
california
call
called
calling
came
camp
campers
can
cans
cant
capes
caps
capture
captures
car
carbohydrates
carbon
carbons
care
cared
careful
carefully
caring
carry
cars
case
cases
cats
cause
caused
causes
causing
cave
celebrate
centuries
century
certain
chain
chainsaws
chance
chances
change
changed
changer
changes
changing
char
chart
charted
charts
check
chemical
chemicals
choi
choice
choose
chopped
chopping
chops
christmas
cities
citizens
city
civilization
clams
clay
clean
cleanup
climate
climates
climb
climbing
close
closer
cloud
clouds
co
coal
coarse
cold
colder
coldness
collect
collected
collecting
color
colored
colors
combination
come
comes
coming
common
commonly
compare
compared
comparing
completely
completion
component
compute
concentration
concentrations
concepts
concerned
concerns
conclude
conclusion
conditions
cones
conflict
conflicts
connect
connected
connection
consent
considerably
consideration
considered
considering
consist
consistent
consisting
consists
constant
constantly
construct
consume
contact
contain
containing
contains
continue
continued
contrary
contrast
contribute
contributed
contributes
contributing
contributions
contributor
contributors
control
controlled
controls
controversial
convert
converted
cook
cooking
cool
cooled
cooler
cooling
cools
coral
core
cored
cores
corps
correct
correlation
corresponding
cost
could
count
countries
country
couple
course
courses
cover
covered
covering
crazy
create
created
creates
creating
creature
creatures
crops
crust
cure
current
currently
cut
cutting
cycle
cycled
cycles
d
dad
daily
dallas
damage
damaging
danger
dangerous
dangerously
dark
darker
data
date
dating
day
days
dead
deal
death
deaths
debris
decades
decay
decayed
decide
decompose
decomposes
decomposition
decrease
decreased
decreases
decreasing
deep
defined
definitely
deforestation
degree
degrees
delicate
demolished
density
depend
dependent
depending
depends
deposits
depths
deserts
desperate
despite
destroy
destroyed
destroying
destruction
detect
determine
determined
determining
developed
developing
development
did
die
died
dies
differ
differed
difference
differences
different
differently
difficult
dig
digesting
dinosaurs
dioxide
direct
disappeared
disasterous
discovered
discoveries
dissolve
dissolved
dissolves
distance
disturbance
divided
do
document
documents
does
dogs
doing
done
dont
dot
doubt
down
dramatically
drastic
drastically
drawing
drift
drifted
drifting
drifts
drilling
drive
driving
drop
dropped
dropping
drops
drought
drown
dry
due
dump
during
dust
dying
e
each
earlier
earth
earths
easily
easy
eat
eats
economy
ecosystem
ecosystems
effect
effected
effecting
effective
effects
efficient
efficiently
efforts
eighty
either
electric
electricity
elements
eleven
eliminate
eliminated
eliminating
elimination
else
emissions
emit
emitted
encourage
end
ending
endless
ends
endured
energy
enormous
enough
enter
entered
entering
enters
entire
enviroment
environment
environmental
environments
equal
era
eras
eroded
erupted
eruption
eruptions
erupts
escape
escapes
escaping
especially
essay
essential
estimate
estimated
etc
europe
evaporate
eve
even
event
events
eventually
ever
every
everyday
everyone
everything
everywhere
evidence
evolves
exactly
examine
examined
examining
example
examples
excess
exhaust
exist
existing
exists
exits
exoskeletons
expand
expect
expected
expecting
expensive
experience
experiencing
explain
explaining
explains
explanations
explode
explodes
exploring
extension
extent
extinct
extra
extract
extremely
eyes
f
face
fact
factor
factories
factors
factory
facts
fahrenheit
fail
fall
fallen
falling
falls
far
farenheit
farm
farmers
farming
farmland
farmlands
farther
fast
faster
father
fault
features
feed
feeding
feel
female
few
fewer
field
fields
fifty
figure
figuring
filtered
final
finally
finals
find
finding
findings
fine
fingers
fire
fires
firewood
first
firstly
fitzgerald
fix
fixed
flash
flattened
flew
floating
flood
flooding
floods
floor
floors
fluctuates
flying
fo
focus
followed
following
follows
fom
food
foods
for
force
fore
foreshadowing
forest
forestry
forests
form
formed
forms
fossil
fossils
found
four
free
freeze
freezes
freezing
fresh
from
frost
frozen
ft
fuel
fueled
fueling
fuels
fumes
functions
furniture
furthermore
future
futures
gaining
gallon
gallons
garbage
gas
gases
gasoline
gass
gasses
gathered
gathering
gave
gaz
ge
general
generally
generation
generations
geographical
get
gets
getting
giant
give
given
gives
giving
glacier
glaciers
glass
global
globally
globe
globes
go
goes
going
gone
good
gorgeous
got
gotten
grab
gradually
granted
graph
graphs
grasslands
gray
great
greater
greatest
greatly
green
greenhouse
greenhouses
greenland
ground
group
grow
growing
grown
grows
guess
habitable
had
half
hand
handful
happen
happened
happening
happens
hard
harm
harmed
harmful
harming
harsh
has
hass
have
having
he
head
health
healthy
hear
heard
heat
heated
heating
heats
heavy
help
helped
helpful
helping
helps
her
here
high
higher
highest
his
historians
historical
history
hit
hits
holding
holes
holt
home
homes
hope
hoping
horrific
horses
hot
hotter
houghton
hours
house
houses
how
however
huge
human
humanity
humankind
humans
hundred
hundreds
hunting
hurt
hurting
hybrid
hydrogen
i
ice
icebergs
ices
icy
idea
ideas
if
ill
im
impact
impacts
important
impossible
improving
in
incidents
include
includes
including
incoming
increase
increased
increases
increasing
incredibly
indeed
indicate
indicated
industrial
industrialization
industries
infer
inform
information
inhabitants
insects
inside
instance
instantly
instead
instruments
insulated
intense
interact
interested
interfere
interfering
into
introduced
invented
inventing
inventions
involve
involved
involves
irregular
is
isolate
issue
it
items
its
ive
jeopardized
joan
job
jobs
join
jump
just
keep
keeping
keeps
kept
key
kidding
killed
killing
kills
kind
kinds
know
knowing
knowledge
known
knows
l
labeled
lack
lakes
lamer
land
large
larger
last
lasted
lasting
lastly
lasts
late
lately
later
latest
lawns
layer
layers
lead
leading
leads
leaking
learn
learned
least
leaves
leaving
led
left
length
less
lessen
let
lets
letting
level
levels
lie
life
lifeless
lifes
lifestyle
light
lighter
lighting
lights
like
likely
lime
limestone
limit
line
linked
liquid
listed
liter
littering
little
live
lived
lives
living
located
location
locations
lonely
long
longer
longest
look
looked
looking
loosing
lose
losing
lost
lot
lots
louis
low
lower
luckily
lunch
luxury
machinery
machines
mack
made
magnetic
magnitude
main
mainly
maintain
major
majority
make
makes
making
malting
man
manipulate
mankind
many
massive
material
materials
matter
matters
may
maybe
mcdougal
me
mean
meaning
means
meant
measure
measured
measurements
measuring
medium
melt
melted
melting
melts
mention
mentioned
mentioning
mess
messed
messing
methane
method
middle
mifflin
might
million
millions
mind
minute
minutes
mirror
mist
mistakes
mix
mixed
mixes
mixture
modern
molecules
money
monitor
monitoring
monoxide
month
moon
mops
mor
more
most
mostly
mother
mount
mouths
move
moved
movement
moves
moving
mpg
much
multiple
multiplied
must
mut
my
mystery
n
name
national
natural
naturally
nature
natures
near
nearly
neat
necessary
need
needed
needing
needs
negative
neighborhoods
never
new
newer
next
nice
nicotine
night
nightmare
nitrous
no
noaa
nobody
non
nonexistent
norm
normal
normally
north
not
notation
noted
notes
nothing
notice
noticeable
noticed
notified
now
nowadays
nowhere
nuclear
number
numbers
numerous
nutrient
o
oakland
objects
observation
observations
observe
observed
observing
obtains
obviously
occur
occurred
occurrence
occurrences
occurring
occurs
ocean
oceanic
oceans
odd
oddly
of
off
often
oil
oils
old
older
on
once
one
ones
only
onto
open
opinion
opposite
or
orbit
orbiting
order
organic
organism
organisms
originally
originated
other
others
otherwise
our
ours
ourselves
out
outcome
outer
outs
outside
over
overall
overboard
overdue
overheated
overly
overtime
own
oxide
oxygen
oyster
oysters
ozone
pace
pads
page
panel
panels
panes
pants
paper
paradox
paragraph
part
partially
particles
partly
parts
pass
passage
passages
passed
passes
passing
past
pattern
patterns
pay
paying
peak
penguins
people
per
percent
perfect
perform
performed
periods
permanent
person
personal
phase
phases
phenomena
photosynthesis
phrase
picked
piece
pinatubo
place
places
plainly
plan
plane
planed
planes
planet
planets
plans
plant
planting
plants
plastic
play
plays
please
plow
plummeting
plus
pod
point
pointing
points
poking
polar
pole
poles
pollutants
pollute
polluted
polluting
pollution
pool
pops
popular
population
position
positive
possibility
possible
possibly
post
potential
power
powered
predict
predicted
predicting
prediction
prefer
prepared
present
preserves
pressed
pressure
pretty
prevent
preventing
prevents
previous
previously
primarily
probable
probably
problem
problems
process
produce
produced
produces
product
production
progress
proof
protect
protecting
protectors
protects
prove
proven
proves
provide
provided
provides
publishers
pull
pulled
pulling
push
pushes
pushing
put
puts
putting
quarter
question
questions
quick
quickly
quite
quote
radars
radiate
radiation
rain
rained
rainforest
rainforests
raining
rains
raise
raised
raises
raising
ran
range
ranged
rapid
rapidly
rare
rate
rates
rather
ration
raw
ray
rays
reach
reached
reaches
reaching
reaction
reactors
read
reader
reading
readings
ready
real
reales
realize
realized
really
reason
reasons
rebuild
receive
receiving
recent
recently
record
recorded
recording
recordings
records
recover
recycle
recycling
red
reduce
reduced
refered
reference
referred
referring
reflect
reflected
reflecting
reflects
regenerate
regions
regular
relate
related
relates
relation
relatively
release
released
releases
releasing
reliable
relied
rely
remain
remains
remember
remove
removed
removing
renew
renewable
repeating
repeats
replace
replaced
replicate
require
requires
research
researched
researchers
resemble
resolved
resource
resources
respect
responsibility
responsible
rest
result
resulting
results
retains
retreat
return
returning
returns
reuse
reusing
reveals
revered
reverse
revolution
rid
ride
rides
riding
right
rink
rise
risen
rises
rising
rivers
roads
roam
rock
rocks
role
rooftops
room
rose
rotate
rotates
run
rushing
s
safe
said
same
sample
samples
sand
sank
save
saving
saw
say
saying
says
school
science
scientific
scientifically
scientist
scientists
scooters
sea
seals
seas
season
seasons
second
secondly
see
seem
seems
seen
self
send
sending
sends
sent
separating
sequence
served
serves
set
seven
several
severe
shame
shape
shapes
she
sheet
sheets
shellfish
shells
shield
shifting
shines
shining
shoot
short
shorter
shot
should
show
showed
showing
shown
shows
shrinking
side
significant
significantly
similar
similarly
simple
since
single
sink
sinks
sire
situation
six
sixty
size
skate
skill
skipped
skipping
sky
skyrocket
skyrocketed
skyrocketing
sleep
slight
slightest
slightly
slow
slowly
small
smaller
smallest
smoke
smoking
snow
snowed
snowing
snows
snowy
so
soak
society
soil
solar
solid
solution
solutions
solved
some
somehow
someone
something
sometime
sometimes
soon
sort
source
sources
south
space
sparks
special
species
specific
speed
spell
spike
spikes
spiking
spots
spray
sprays
spread
spring
springs
stage
stand
stands
star
start
started
starting
starts
state
stated
statement
states
stating
station
stations
statistics
stats
stay
stayed
staying
stays
steadily
steady
steam
step
steps
stick
still
stone
stones
stop
stopped
stops
store
stored
stores
strange
stranger
strategies
strategy
streets
strengthen
strengthening
strikes
stringer
stronger
structure
stuck
studied
studies
study
studying
stuff
submerge
succeed
such
suck
suddenly
suggestion
summer
sun
sunlight
suns
sunspot
sunspots
supplies
supply
support
suppose
supposed
supposedly
sure
surface
surfaces
surprise
surrounding
survey
survive
suspect
sustain
swamps
system
t
tabs
take
taken
takes
taking
talk
talked
talking
tao
taxes
teacher
technological
technologically
technologies
technology
tell
tells
temp
temperature
temperatures
temps
ten
tend
tens
term
test
testing
texas
text
textbook
th
than
thankful
thanks
that
thats
the
their
theirs
them
then
theories
theory
there
therefor
therefore
thermometer
thes
these
they
thick
thicker
thin
thing
things
think
thinks
thinner
third
thirdly
thirds
thirty
this
thorough
those
though
thought
thousand
thousands
threat
three
threes
through
throughout
throught
throw
throwing
throws
tht
thus
tie
ties
tighter
till
tilt
tilted
tilting
time
times
tip
title
to
today
todays
together
tolerance
tomorrow
ton
tons
too
took
tools
topic
tornados
total
toward
towards
toxic
toy
trace
tracking
tragic
train
trains
transfer
transferred
transferring
transportation
trap
trapped
trapping
traps
trash
traveled
traveling
travels
treat
treating
tree
trees
tress
tried
tries
trigger
trucks
true
truly
try
trying
tube
tubes
turn
turned
turns
tv
twenty
two
type
types
typical
u
ultraviolet
unable
unbalanced
uncertain
undeniable
under
understand
unequal
unfortunately
united
unlike
unneeded
unnoticeable
unpredictable
unrealistic
unsustainable
until
unusual
unusually
unwanted
up
upgraded
upon
us
usage
use
used
useful
uses
using
usual
usually
vanishing
vapor
variations
varies
various
vary
varying
vast
vastly
vegetables
vegetation
vehicles
versa
vertical
very
vice
victim
view
vital
volcanic
volcano
volcanoes
w
wacky
wait
waiting
walk
walking
want
war
warm
warmed
warmer
warmest
warming
warms
warmth
warning
was
waste
wasted
wasting
watch
watching
water
watering
waters
waves
way
ways
we
weak
weaken
weakening
weakens
weaker
weakness
weather
weathers
wed
week
weeks
weird
well
went
were
wh
whack
what
whatever
whats
when
where
whereas
wherever
whether
which
while
white
who
whole
whos
why
wich
wide
wild
wildfire
will
wind
window
windows
winds
winter
witch
with
within
without
wo
wonder
wondered
wonderful
wondering
wont
wood
woods
words
work
working
works
world
worlds
worldwide
worried
worrisome
worry
worse
would
wrap
wrapped
write
writer
writing
wrong
yea
year
yearly
years
yes
yet
you
your
zhaan
zhang
